// Jest Snapshot v1, https://goo.gl/fbAQLP

exports[`ImageSkeleton render correctly 1`] = `
<div
  className="bg-white w-full mx-auto rounded-2xl mt-8"
>
  <div
    className=""
  >
    <div
      className="grid grid-cols-1 mt-2"
    >
      <div
        className="h-24 bg-gray-200 rounded animate-pulse"
      />
    </div>
  </div>
</div>
`;
